// Vitest Snapshot v1, https://vitest.dev/guide/snapshot.html

exports[`CardTable > Cell > Actions.vue > should renders OXD CardTable > Cell > Actions 1`] = `"<div data-v-2ca36abc="" class="oxd-table-cell-actions"><button data-v-3b1778bd="" data-v-2ca36abc="" class="oxd-icon-button oxd-table-cell-action-space" type="button"><i data-v-85cde8ca="" data-v-3b1778bd="" class="oxd-icon bi-trash"></i></button><button data-v-3b1778bd="" data-v-2ca36abc="" class="oxd-icon-button oxd-table-cell-action-space" type="button"><i data-v-85cde8ca="" data-v-3b1778bd="" class="oxd-icon bi-pencil-fill"></i></button></div>"`;
