// Vitest Snapshot v1, https://vitest.dev/guide/snapshot.html

exports[`CalendarController.vue > renders OXD CalendarController 1`] = `
"<div class="oxd-calendar-header"><button data-v-3b1778bd="" class="oxd-icon-button" type="button"><i data-v-85cde8ca="" data-v-3b1778bd="" class="oxd-icon bi-chevron-left"></i></button>
  <ul class="oxd-calendar-selector">
    <li data-v-75916442="" class="oxd-calendar-selector-month">
      <div class="oxd-calendar-selector-month-selected">
        <p data-v-0334bd57="" class="oxd-text oxd-text--p">March</p><i data-v-85cde8ca="" data-v-3b1778bd="" class="oxd-icon bi-caret-down-fill oxd-icon-button__icon"></i>
      </div>
      <transition-stub data-v-75916442="" name="transition-fade-down" appear="false" persisted="false" css="true">
        <!--v-if-->
      </transition-stub>
    </li>
    <li data-v-75916442="" class="oxd-calendar-selector-year">
      <div class="oxd-calendar-selector-year-selected">
        <p data-v-0334bd57="" class="oxd-text oxd-text--p">2020</p><i data-v-85cde8ca="" data-v-3b1778bd="" class="oxd-icon bi-caret-down-fill oxd-icon-button__icon"></i>
      </div>
      <transition-stub data-v-75916442="" name="transition-fade-down" appear="false" persisted="false" css="true">
        <!--v-if-->
      </transition-stub>
    </li>
  </ul><button data-v-3b1778bd="" class="oxd-icon-button" type="button"><i data-v-85cde8ca="" data-v-3b1778bd="" class="oxd-icon bi-chevron-right"></i></button>
</div>"
`;
