// Vitest Snapshot v1, https://vitest.dev/guide/snapshot.html

exports[`DateInput.vue > renders OXD Date Input 1`] = `
"<div data-v-f5ceac8b="" class="oxd-date-wrapper">
  <div data-v-f5ceac8b="" class="oxd-date-input"><input data-v-d06e05c9="" data-v-f5ceac8b="" class="oxd-input oxd-input--active"><i data-v-85cde8ca="" data-v-f5ceac8b="" class="oxd-icon bi-calendar oxd-date-input-icon"></i></div>
  <transition-stub data-v-f5ceac8b="" name="transition-fade-down" appear="false" persisted="false" css="true">
    <!--v-if-->
  </transition-stub>
</div>"
`;
