// Vitest Snapshot v1, https://vitest.dev/guide/snapshot.html

exports[`MultiSelectInput.vue > renders OXD MultiSelect Input 1`] = `
"<div data-v-fb5fb39e="" class="oxd-multiselect-wrapper">
  <div data-v-6d056bbf="" data-v-fb5fb39e="" class="oxd-select-text oxd-select-text--active">
    <div data-v-6d056bbf="" class="oxd-select-text-input" tabindex="0"></div>
    <div data-v-6d056bbf="" class="oxd-select-text--after"><i data-v-85cde8ca="" data-v-6d056bbf="" class="oxd-icon bi-caret-down-fill oxd-select-text--arrow"></i></div>
  </div>
  <!--v-if-->
  <div data-v-4d51e862="" data-v-fb5fb39e="" class="oxd-multiselect-chips-area"></div>
</div>"
`;
