// Vitest Snapshot v1, https://vitest.dev/guide/snapshot.html

exports[`SelectInput.vue > renders OXD Select Input 1`] = `
"<div data-v-5aaec31a="" class="oxd-select-wrapper">
  <div data-v-6d056bbf="" data-v-5aaec31a="" class="oxd-select-text oxd-select-text--active">
    <div data-v-6d056bbf="" class="oxd-select-text-input" tabindex="0">-- Select --</div>
    <div data-v-6d056bbf="" class="oxd-select-text--after"><i data-v-85cde8ca="" data-v-6d056bbf="" class="oxd-icon bi-caret-down-fill oxd-select-text--arrow"></i></div>
  </div>
  <!--v-if-->
</div>"
`;
