// Vitest Snapshot v1, https://vitest.dev/guide/snapshot.html

exports[`TimeInput.vue > renders OXD Time Input 1`] = `
"<div data-v-feb8bad1="" class="oxd-time-wrapper">
  <div data-v-feb8bad1="" class="oxd-time-input"><input data-v-d06e05c9="" data-v-feb8bad1="" class="oxd-input oxd-input--active"><i data-v-85cde8ca="" data-v-feb8bad1="" class="oxd-icon bi-clock oxd-time-input--clock"></i></div>
  <!--v-if-->
</div>"
`;
