// Vitest Snapshot v1, https://vitest.dev/guide/snapshot.html

exports[`TabContainer.vue > renders OXD Tab Container 1`] = `
"<div data-v-0a74cfa0="" class="oxd-tab">
  <div data-v-0a74cfa0="" class="oxd-tab-bar"><a data-v-0a74cfa0="" class="oxd-tab-segment oxd-tab-segment--active" href="#tab1">tab1</a><a data-v-0a74cfa0="" class="oxd-tab-segment" href="#tab2">tab2</a><a data-v-0a74cfa0="" class="oxd-tab-segment" href="#tab3">tab3</a></div>
  <transition-stub data-v-0a74cfa0="" name="transition-slide-right" appear="false" persisted="false" css="true">
    <div id="tab1" class="oxd-tab-panel">
      <div>Tab 1</div>
    </div>
  </transition-stub>
</div>"
`;
