// Vitest Snapshot v1, https://vitest.dev/guide/snapshot.html

exports[`PageItem.vue > renders OXD PageItem 1`] = `"<li data-v-c3c32be7=""><button data-v-c3c32be7="" type="button" class="oxd-pagination-page-item oxd-pagination-page-item--page">1</button></li>"`;

exports[`PageItem.vue > renders OXD PageItem next 1`] = `"<li data-v-c3c32be7=""><button data-v-c3c32be7="" type="button" class="oxd-pagination-page-item oxd-pagination-page-item--previous-next"><i data-v-85cde8ca="" data-v-c3c32be7="" class="oxd-icon bi-chevron-right"></i></button></li>"`;

exports[`PageItem.vue > renders OXD PageItem previous 1`] = `"<li data-v-c3c32be7=""><button data-v-c3c32be7="" type="button" class="oxd-pagination-page-item oxd-pagination-page-item--previous-next"><i data-v-85cde8ca="" data-v-c3c32be7="" class="oxd-icon bi-chevron-left"></i></button></li>"`;

exports[`PageItem.vue > renders OXD PageItem selected 1`] = `"<li data-v-c3c32be7=""><button data-v-c3c32be7="" type="button" class="oxd-pagination-page-item oxd-pagination-page-item--page oxd-pagination-page-item--page-selected">2</button></li>"`;
