// Vitest Snapshot v1, https://vitest.dev/guide/snapshot.html

exports[`TreeView.vue > renders OXD Tree View 1`] = `
"<ul data-v-57788187="" class="oxd-tree-view">
  <li data-v-463f5554="" data-v-57788187="" class="oxd-tree-node --last">
    <div data-v-463f5554="" class="--last oxd-tree-node-wrapper">
      <!--v-if-->
      <div data-v-463f5554="" class="oxd-tree-node-content">test</div>
    </div>
    <div data-v-463f5554="" class="oxd-tree-node-liner" style="height: 0px;"></div>
    <!--v-if-->
  </li>
</ul>"
`;
