// Vitest Snapshot v1, https://vitest.dev/guide/snapshot.html

exports[`Progressbar.vue > renders OXD Progressbar 1`] = `
"<div data-v-668268dd="" class="oxd-progressbar">
  <div data-v-668268dd="" class="oxd-progressbar-wrapper">
    <div data-v-668268dd="" style="width: 0%;" class="oxd-progressbar-ticker oxd-progressbar-ticker--default"></div>
  </div>
  <p data-v-0334bd57="" data-v-668268dd="" class="oxd-text oxd-text--p oxd-progressbar-text">0%</p>
</div>"
`;
