// Vitest Snapshot v1, https://vitest.dev/guide/snapshot.html

exports[`Chart > Legend.vue > should renders OXD chart legend 1`] = `
"<ul data-v-cc28d892="" class="oxd-chart-legend">
  <li data-v-cc28d892=""><span data-v-cc28d892="" class="oxd-chart-legend-key" style="background-color: red;"></span><span data-v-0334bd57="" data-v-cc28d892="" class="oxd-text oxd-text--span" title="STEM">STEM</span></li>
  <li data-v-cc28d892=""><span data-v-cc28d892="" class="oxd-chart-legend-key" style="background-color: green;"></span><span data-v-0334bd57="" data-v-cc28d892="" class="oxd-text oxd-text--span" title="Arts">Arts</span></li>
  <li data-v-cc28d892=""><span data-v-cc28d892="" class="oxd-chart-legend-key" style="background-color: blue;"></span><span data-v-0334bd57="" data-v-cc28d892="" class="oxd-text oxd-text--span" title="Law">Law</span></li>
  <li data-v-cc28d892=""><span data-v-cc28d892="" class="oxd-chart-legend-key" style="background-color: yellow;"></span><span data-v-0334bd57="" data-v-cc28d892="" class="oxd-text oxd-text--span" title="Management">Management</span></li>
</ul>"
`;
